      - 0.0
      - 0.0
      - 0.0
      - 0.0
      - 0.0
      - 0.0
      - 0.0
      - 0.0
      - 0.0
      - 0.0
  bbox:
    center:
      position:
        x: 108.0
        y: 148.0
      theta: 0.0
    size_x: 8.0
    size_y: 8.0
  id: ''
- header:
    stamp:
      sec: 1770824607
      nanosec: 120181892
    frame_id: camera
  results:
  - hypothesis:
      class_id: joint
      score: 0.9814965724945068
    pose:
      pose:
        position:
          x: 0.0
          y: 0.0
          z: 0.0
        orientation:
          x: 0.0
          y: 0.0
          z: 0.0
          w: 1.0
      covariance:
      - 0.0
      - 0.0
      - 0.0
      - 0.0
      - 0.0
      - 0.0
      - 0.0
      - 0.0
      - 0.0
      - 0.0
      - 0.0
      - 0.0
      - 0.0
      - 0.0
      - 0.0
      - 0.0
      - 0.0
      - 0.0
      - 0.0
      - 0.0
      - 0.0
      - 0.0
      - 0.0
      - 0.0
      - 0.0
      - 0.0
      - 0.0
      - 0.0
      - 0.0
      - 0.0
      - 0.0
      - 0.0
      - 0.0
      - 0.0
      - 0.0
      - 0.0
  bbox:
    center:
      position:
        x: 36.0
        y: 256.0
      theta: 0.0
    size_x: 8.0
    size_y: 16.0
  id: ''
- header:
    stamp:
      sec: 1770824607
      nanosec: 120181892
    frame_id: camera
  results:
  - hypothesis:
      class_id: joint
      score: 0.6836363673210144
    pose:
      pose:
        position:
          x: 0.0
          y: 0.0
          z: 0.0
        orientation:
          x: 0.0
          y: 0.0
          z: 0.0
          w: 1.0
      covariance:
      - 0.0
      - 0.0
      - 0.0
      - 0.0
      - 0.0
      - 0.0
      - 0.0
      - 0.0
      - 0.0
      - 0.0
      - 0.0
      - 0.0
      - 0.0
      - 0.0
      - 0.0
      - 0.0
      - 0.0
      - 0.0
      - 0.0
      - 0.0
      - 0.0
      - 0.0
      - 0.0
      - 0.0
      - 0.0
      - 0.0
      - 0.0
      - 0.0
      - 0.0
      - 0.0
      - 0.0
      - 0.0
      - 0.0
      - 0.0
      - 0.0
      - 0.0
  bbox:
    center:
      position:
        x: 300.0
        y: 252.0
      theta: 0.0
    size_x: 8.0
    size_y: 8.0
  id: ''
- header:
    stamp:
      sec: 1770824607
      nanosec: 120181892
    frame_id: camera
  results:
  - hypothesis:
      class_id: joint
      score: 0.9729655385017395
    pose:
      pose:
        position:
          x: 0.0
          y: 0.0
          z: 0.0
        orientation:
          x: 0.0
          y: 0.0
          z: 0.0
          w: 1.0
      covariance:
      - 0.0
      - 0.0
      - 0.0
      - 0.0
      - 0.0
      - 0.0
      - 0.0
      - 0.0
      - 0.0
      - 0.0
      - 0.0
      - 0.0
      - 0.0
      - 0.0
      - 0.0
      - 0.0
      - 0.0
      - 0.0
      - 0.0
      - 0.0
      - 0.0
      - 0.0
      - 0.0
      - 0.0
      - 0.0
      - 0.0
      - 0.0
      - 0.0
      - 0.0
      - 0.0
      - 0.0
      - 0.0
      - 0.0
      - 0.0
      - 0.0
      - 0.0
  bbox:
    center:
      position:
        x: 64.0
        y: 284.0
      theta: 0.0
    size_x: 16.0
    size_y: 24.0
  id: ''
- header:
    stamp:
      sec: 1770824607
      nanosec: 120181892
    frame_id: camera
  results:
  - hypothesis:
      class_id: joint
      score: 0.5311550498008728
    pose:
      pose:
        position:
          x: 0.0
          y: 0.0
          z: 0.0
        orientation:
          x: 0.0
          y: 0.0
          z: 0.0
          w: 1.0
      covariance:
      - 0.0
      - 0.0
      - 0.0
      - 0.0
      - 0.0
      - 0.0
      - 0.0
      - 0.0
      - 0.0
      - 0.0
      - 0.0
      - 0.0
      - 0.0
      - 0.0
      - 0.0
      - 0.0
      - 0.0
      - 0.0
      - 0.0
      - 0.0
      - 0.0
      - 0.0
      - 0.0
      - 0.0
      - 0.0
      - 0.0
      - 0.0
      - 0.0
      - 0.0
      - 0.0
      - 0.0
      - 0.0
      - 0.0
      - 0.0
      - 0.0
      - 0.0
  bbox:
    center:
      position:
        x: 36.0
        y: 284.0
      theta: 0.0
    size_x: 8.0
    size_y: 8.0
  id: ''
- header:
    stamp:
      sec: 1770824607
      nanosec: 120181892
    frame_id: camera
  results:
  - hypothesis:
      class_id: joint
      score: 0.5475024580955505
    pose:
      pose:
        position:
          x: 0.0
          y: 0.0
          z: 0.0
        orientation:
          x: 0.0
          y: 0.0
          z: 0.0
          w: 1.0
      covariance:
      - 0.0
      - 0.0
      - 0.0
      - 0.0
      - 0.0
      - 0.0
      - 0.0
      - 0.0
      - 0.0
      - 0.0
      - 0.0
      - 0.0
      - 0.0
      - 0.0
      - 0.0
      - 0.0
      - 0.0
      - 0.0
      - 0.0
      - 0.0
      - 0.0
      - 0.0
      - 0.0
      - 0.0
      - 0.0
      - 0.0
      - 0.0
      - 0.0
      - 0.0
      - 0.0
      - 0.0
      - 0.0
      - 0.0
      - 0.0
      - 0.0
      - 0.0
  bbox:
    center:
      position:
        x: 300.0
        y: 292.0
      theta: 0.0
    size_x: 8.0
    size_y: 8.0
  id: ''

---
header:
  stamp:
    sec: 1770824607
    nanosec: 203380748
  frame_id: camera
detections:
- header:
    stamp:
      sec: 1770824607
      nanosec: 203380748
    frame_id: camera
  results:
  - hypothesis:
      class_id: joint
      score: 0.9745540022850037
    pose:
      pose:
        position:
          x: 0.0
          y: 0.0
          z: 0.0
        orientation:
          x: 0.0
          y: 0.0
          z: 0.0
          w: 1.0
      covariance:
      - 0.0
      - 0.0
      - 0.0
      - 0.0
      - 0.0
      - 0.0
      - 0.0
      - 0.0
      - 0.0
      - 0.0
      - 0.0
      - 0.0
      - 0.0
      - 0.0
      - 0.0
      - 0.0
      - 0.0
      - 0.0
      - 0.0
      - 0.0
      - 0.0
      - 0.0
      - 0.0
      - 0.0
      - 0.0
      - 0.0
      - 0.0
      - 0.0
      - 0.0
      - 0.0
      - 0.0
      - 0.0
      - 0.0
      - 0.0
      - 0.0
      - 0.0
  bbox:
    center:
      position:
        x: 180.0
        y: 140.0
      theta: 0.0
    size_x: 24.0
    size_y: 8.0
  id: ''
- header:
    stamp:
      sec: 1770824607
      nanosec: 203380748
    frame_id: camera
  results:
  - hypothesis:
      class_id: joint
      score: 0.9039547443389893
    pose:
      pose:
        position:
          x: 0.0
          y: 0.0
          z: 0.0
        orientation:
          x: 0.0
          y: 0.0
          z: 0.0
          w: 1.0
      covariance:
      - 0.0
      - 0.0
      - 0.0
      - 0.0
      - 0.0
      - 0.0
      - 0.0
      - 0.0
      - 0.0
      - 0.0
      - 0.0
      - 0.0
      - 0.0
      - 0.0
      - 0.0
      - 0.0
      - 0.0
      - 0.0
      - 0.0
      - 0.0
      - 0.0
      - 0.0
      - 0.0
      - 0.0
      - 0.0
      - 0.0
      - 0.0
      - 0.0
      - 0.0
      - 0.0
      - 0.0
      - 0.0
      - 0.0
      - 0.0
      - 0.0
      - 0.0
  bbox:
    center:
      position:
        x: 36.0
        y: 252.0
      theta: 0.0
    size_x: 8.0
    size_y: 24.0
  id: ''
- header:
    stamp:
      sec: 1770824607
      nanosec: 203380748
    frame_id: camera
  results:
  - hypothesis:
      class_id: joint
      score: 0.6800092458724976
    pose:
      pose:
        position:
          x: 0.0
          y: 0.0
          z: 0.0
        orientation:
          x: 0.0
          y: 0.0
          z: 0.0
          w: 1.0
      covariance:
      - 0.0
      - 0.0
      - 0.0
      - 0.0
      - 0.0
      - 0.0
      - 0.0
      - 0.0
      - 0.0
      - 0.0
      - 0.0
      - 0.0
      - 0.0
      - 0.0
      - 0.0
      - 0.0
      - 0.0
      - 0.0
      - 0.0
      - 0.0
      - 0.0
      - 0.0
      - 0.0
      - 0.0
      - 0.0
      - 0.0
      - 0.0
      - 0.0
      - 0.0
      - 0.0
      - 0.0
      - 0.0
      - 0.0
      - 0.0
      - 0.0
      - 0.0
  bbox:
    center:
      position:
        x: 300.0
        y: 252.0
      theta: 0.0
    size_x: 8.0
    size_y: 8.0
  id: ''
- header:
    stamp:
      sec: 1770824607
      nanosec: 203380748
    frame_id: camera
  results:
  - hypothesis:
      class_id: joint
      score: 0.9226523041725159
    pose:
      pose:
        position:
          x: 0.0
          y: 0.0
          z: 0.0
        orientation:
          x: 0.0
          y: 0.0
          z: 0.0
          w: 1.0
      covariance:
      - 0.0
      - 0.0
      - 0.0
      - 0.0
      - 0.0
      - 0.0
      - 0.0
      - 0.0
      - 0.0
      - 0.0
      - 0.0
      - 0.0
      - 0.0
      - 0.0
      - 0.0
      - 0.0
      - 0.0
      - 0.0
      - 0.0
      - 0.0
      - 0.0
      - 0.0
      - 0.0
      - 0.0
      - 0.0
      - 0.0
      - 0.0
      - 0.0
      - 0.0
      - 0.0
      - 0.0
      - 0.0
      - 0.0
      - 0.0
      - 0.0
      - 0.0
  bbox:
    center:
      position:
        x: 80.0
        y: 280.0
      theta: 0.0
    size_x: 16.0
    size_y: 16.0
  id: ''
- header:
    stamp:
      sec: 1770824607
      nanosec: 203380748
    frame_id: camera
  results:
  - hypothesis:
      class_id: joint
      score: 0.7608280181884766
    pose:
      pose:
        position:
          x: 0.0
          y: 0.0
          z: 0.0
        orientation:
          x: 0.0
          y: 0.0
          z: 0.0
          w: 1.0
      covariance:
      - 0.0
      - 0.0
      - 0.0
      - 0.0
      - 0.0
      - 0.0
      - 0.0
      - 0.0
      - 0.0
      - 0.0
      - 0.0
      - 0.0
      - 0.0
      - 0.0
      - 0.0
      - 0.0
      - 0.0
      - 0.0
      - 0.0
      - 0.0
      - 0.0
      - 0.0
      - 0.0
      - 0.0
      - 0.0
      - 0.0
      - 0.0
      - 0.0
      - 0.0
      - 0.0
      - 0.0
      - 0.0
      - 0.0
      - 0.0
      - 0.0
      - 0.0
  bbox:
    center:
      position:
        x: 60.0
        y: 288.0
      theta: 0.0
    size_x: 8.0
    size_y: 16.0
  id: ''
---
header:
  stamp:
    sec: 1770824607
    nanosec: 280928385
  frame_id: camera
detections:
- header:
    stamp:
      sec: 1770824607
      nanosec: 280928385
    frame_id: camera
  results:
  - hypothesis:
      class_id: joint
      score: 0.891729474067688
    pose:
      pose:
        position:
          x: 0.0
          y: 0.0
          z: 0.0
        orientation:
          x: 0.0
          y: 0.0
          z: 0.0
          w: 1.0
      covariance:
      - 0.0
      - 0.0
      - 0.0
      - 0.0
      - 0.0
      - 0.0
      - 0.0
      - 0.0
      - 0.0
      - 0.0
      - 0.0
      - 0.0
      - 0.0
      - 0.0
      - 0.0
      - 0.0
      - 0.0
      - 0.0
      - 0.0
      - 0.0
      - 0.0
      - 0.0
      - 0.0
      - 0.0
      - 0.0
      - 0.0
      - 0.0
      - 0.0
      - 0.0
      - 0.0
      - 0.0
      - 0.0
      - 0.0
      - 0.0
      - 0.0
      - 0.0
  bbox:
    center:
      position:
        x: 180.0
        y: 140.0
      theta: 0.0
    size_x: 24.0
    size_y: 8.0
  id: ''
- header:
    stamp:
      sec: 1770824607
      nanosec: 280928385
    frame_id: camera
  results:
  - hypothesis:
      class_id: joint
      score: 0.5404514074325562
    pose:
      pose:
        position:
          x: 0.0
          y: 0.0
          z: 0.0
        orientation:
          x: 0.0
          y: 0.0
          z: 0.0
          w: 1.0
      covariance:
      - 0.0
      - 0.0
      - 0.0
      - 0.0
      - 0.0
      - 0.0
      - 0.0
      - 0.0
      - 0.0
      - 0.0
      - 0.0
      - 0.0
      - 0.0
      - 0.0
      - 0.0
      - 0.0
      - 0.0
      - 0.0
      - 0.0
      - 0.0
      - 0.0
      - 0.0
      - 0.0
      - 0.0
      - 0.0
      - 0.0
      - 0.0
      - 0.0
      - 0.0
      - 0.0
      - 0.0
      - 0.0
      - 0.0
      - 0.0
      - 0.0
      - 0.0
  bbox:
    center:
      position:
        x: 100.0
        y: 196.0
      theta: 0.0
    size_x: 8.0
    size_y: 8.0
  id: ''
- header:
    stamp:
      sec: 1770824607
      nanosec: 280928385
    frame_id: camera
  results:
  - hypothesis:
      class_id: joint
      score: 0.9060831069946289
    pose:
      pose:
        position:
          x: 0.0
          y: 0.0
          z: 0.0
        orientation:
          x: 0.0
          y: 0.0
          z: 0.0
          w: 1.0
      covariance:
      - 0.0
      - 0.0
      - 0.0
      - 0.0
      - 0.0
      - 0.0
      - 0.0
      - 0.0
      - 0.0
      - 0.0
      - 0.0
      - 0.0
      - 0.0
      - 0.0
      - 0.0
      - 0.0
      - 0.0
      - 0.0
      - 0.0
      - 0.0
      - 0.0
      - 0.0
      - 0.0
      - 0.0
      - 0.0
      - 0.0
      - 0.0
      - 0.0
      - 0.0
      - 0.0
      - 0.0
      - 0.0
      - 0.0
      - 0.0
      - 0.0
      - 0.0
  bbox:
    center:
      position:
        x: 36.0
        y: 256.0
      theta: 0.0
    size_x: 8.0
    size_y: 16.0
  id: ''
- header:
    stamp:
      sec: 1770824607
      nanosec: 280928385
    frame_id: camera
  results:
  - hypothesis:
      class_id: joint
      score: 0.965141773223877
    pose:
      pose:
        position:
          x: 0.0
          y: 0.0
          z: 0.0
        orientation:
          x: 0.0
          y: 0.0
          z: 0.0
          w: 1.0
      covariance:
      - 0.0
      - 0.0
      - 0.0
      - 0.0
      - 0.0
      - 0.0
      - 0.0
      - 0.0
      - 0.0
      - 0.0
      - 0.0
      - 0.0
      - 0.0
      - 0.0
      - 0.0
      - 0.0
      - 0.0
      - 0.0
      - 0.0
      - 0.0
      - 0.0
      - 0.0
      - 0.0
      - 0.0
      - 0.0
      - 0.0
      - 0.0
      - 0.0
      - 0.0
      - 0.0
      - 0.0
      - 0.0
      - 0.0
      - 0.0
      - 0.0
      - 0.0
  bbox:
    center:
      position:
        x: 68.0
        y: 284.0
      theta: 0.0
    size_x: 24.0
    size_y: 24.0
  id: ''
- header:
    stamp:
      sec: 1770824607
      nanosec: 280928385
    frame_id: camera
  results:
  - hypothesis:
      class_id: joint
      score: 0.5155075192451477
    pose:
      pose:
        position:
          x: 0.0
          y: 0.0
          z: 0.0
        orientation:
          x: 0.0
          y: 0.0
          z: 0.0
          w: 1.0
      covariance:
      - 0.0
      - 0.0
      - 0.0
      - 0.0
      - 0.0
      - 0.0
      - 0.0
      - 0.0
      - 0.0
      - 0.0
      - 0.0
      - 0.0
      - 0.0
      - 0.0
      - 0.0
      - 0.0
      - 0.0
      - 0.0
      - 0.0
      - 0.0
      - 0.0
      - 0.0
      - 0.0
      - 0.0
      - 0.0
      - 0.0
      - 0.0
      - 0.0
      - 0.0
      - 0.0
      - 0.0
      - 0.0
      - 0.0
      - 0.0
      - 0.0
      - 0.0
  bbox:
    center:
      position:
        x: 28.0
        y: 284.0
      theta: 0.0
    size_x: 8.0
    size_y: 8.0
  id: ''